[www.bikham.com/accounting-finance.html]
[backblue.gif]
[fade.gif]
[index.html]
[www.bikham.com/assets/images/favicon.ico]
[www.bikham.com/assets/css/font-awesome.css]
[www.bikham.com/assets/css/linearicons.css]
[www.bikham.com/assets/css/icofont.min.css]
[www.bikham.com/assets/css/owl.carousel.min.css]
[www.bikham.com/assets/css/featured-content.css]
[www.bikham.com/assets/css/swiper.min.css]
[www.bikham.com/assets/css/animate.css]
[www.bikham.com/assets/css/normalize.min.css]
[www.bikham.com/assets/css/responsive.css]
[www.bikham.com/captcha_code.jpg]
[www.bikham.com/assets/css/default.css]
[www.bikham.com/index.html]
[www.bikham.com/about-us.html]
[www.bikham.com/contact-us1.html]
[www.bikham.com/careers/index.html]
[www.bikham.com/assets/images/logo.png]
[www.bikham.com/assets/images/logo-black.png]
[www.bikham.com/cpa-firms.html]
[www.bikham.com/individual-businesses.html]
[www.bikham.com/financial-advisory-firm.html]
[www.bikham.com/accounting-finance.html]
[www.bikham.com/assets/fonts/fontawesome-webfont3e6e.eot]
[www.bikham.com/assets/js/jquery.min.js]
[www.bikham.com/assets/fonts/fontawesome-webfontd41d.eot]
[www.bikham.com/assets/fonts/fontawesome-webfont3e6e.woff2]
[www.bikham.com/assets/fonts/fontawesome-webfont3e6e.woff]
[www.bikham.com/assets/fonts/fontawesome-webfont3e6e.ttf]
[www.bikham.com/assets/fonts/Linearicons-Free.eot]
[www.bikham.com/assets/fonts/Linearicons-Freed41d.eot]
[www.bikham.com/assets/fonts/icofont.woff2]
[www.bikham.com/assets/fonts/fontawesome-webfont3e6e.svg]
[www.bikham.com/assets/fonts/icofont.woff]
[www.bikham.com/assets/css/font-awesome.css]
[www.bikham.com/assets/css/linearicons.css]
[www.bikham.com/assets/css/icofont.min.css]
[www.bikham.com/assets/css/owl.video.play.png]
[www.bikham.com/assets/css/owl.carousel.min.css]
[www.bikham.com/assets/css/featured-content.css]
[www.bikham.com/assets/css/swiper.min.css]
[www.bikham.com/assets/css/animate.css]
[www.bikham.com/assets/css/normalize.min.css]
[www.bikham.com/assets/fonts/cinzel-regular-webfont.woff2]
[www.bikham.com/assets/fonts/cinzel-regular-webfont.woff]
[www.bikham.com/assets/fonts/cinzel-bold-webfont.woff2]
[www.bikham.com/assets/fonts/cinzel-bold-webfont.woff]
[www.bikham.com/assets/fonts/ProximaNova-Regular.eot]
[www.bikham.com/assets/fonts/ProximaNova-Regular.woff]
[www.bikham.com/assets/fonts/ProximaNova-Regular.ttf]
[www.bikham.com/assets/fonts/Flaticon.eot]
[www.bikham.com/assets/fonts/ProximaNova-Regular.svg]
[www.bikham.com/assets/fonts/Flaticond41d.eot]
[www.bikham.com/assets/fonts/Flaticon.woff]
[www.bikham.com/assets/fonts/Flaticon.ttf]
[www.bikham.com/assets/fonts/font-awesome/fa-brands-400.eot]
[www.bikham.com/assets/fonts/Flaticon.svg]
[www.bikham.com/assets/fonts/font-awesome/fa-brands-400d41d.eot]
[www.bikham.com/assets/fonts/font-awesome/fa-brands-400.woff2]
[www.bikham.com/assets/fonts/font-awesome/fa-brands-400.woff]
[www.bikham.com/assets/fonts/font-awesome/fa-brands-400.ttf]
[www.bikham.com/assets/fonts/font-awesome/fa-brands-400.svg]
[www.bikham.com/assets/fonts/font-awesome/fa-regular-400.eot]
[www.bikham.com/assets/fonts/font-awesome/fa-regular-400d41d.eot]
[www.bikham.com/assets/fonts/font-awesome/fa-regular-400.woff2]
[www.bikham.com/assets/fonts/font-awesome/fa-regular-400.woff]
[www.bikham.com/assets/fonts/font-awesome/fa-regular-400.ttf]
[www.bikham.com/assets/fonts/font-awesome/fa-regular-400.svg]
[www.bikham.com/assets/fonts/font-awesome/fa-solid-900.eot]
[www.bikham.com/assets/fonts/font-awesome/fa-solid-900d41d.eot]
[www.bikham.com/assets/fonts/font-awesome/fa-solid-900.woff2]
[www.bikham.com/assets/fonts/font-awesome/fa-solid-900.woff]
[www.bikham.com/assets/fonts/font-awesome/fa-solid-900.ttf]
[www.bikham.com/assets/fonts/font-awesome/fa-solid-900.svg]
[www.bikham.com/assets/images/contact-bg.jpg]
[www.bikham.com/assets/images/home/h2-bg.43.delayed]
[www.bikham.com/assets/images/home/h2-flip-bg-dark.jpg]
[www.bikham.com/assets/images/landing1.jpg]
[www.bikham.com/assets/images/landing2.jpg]
[www.bikham.com/assets/images/home/h3-bg-vertical-flip.47.delayed]
[www.bikham.com/assets/images/home/worldmap-gray-bg.jpg]
[www.bikham.com/assets/images/home/bg-audian.jpg]
[www.bikham.com/assets/images/about/bg-orange-triangle.jpg]
[www.bikham.com/assets/images/about/bg-gray-triangle.jpg]
[www.bikham.com/assets/images/css_sprites.png]
[www.bikham.com/assets/images/spritesheet.png]
[www.bikham.com/assets/images/main-banner.png]
[www.bikham.com/assets/images/home-banner-custom-li.png]
[www.bikham.com/assets/images/home/h2-flip-bg.jpg]
[www.bikham.com/assets/images/home/h3-bg.jpg]
[www.bikham.com/assets/images/qk-connect-bg.jpg]
[www.bikham.com/assets/images/career.jpg]
[www.bikham.com/assets/images/Testim.54.delayed]
[www.bikham.com/assets/images/main-banner3.jpg]
[www.bikham.com/assets/images/contact-dotted-map.png]
[www.bikham.com/assets/images/thank.jpg]
[www.bikham.com/assets/images/home/test-quote-black.58.delayed]
[www.bikham.com/assets/images/home/Main-home-page/check-mark.png]
[www.bikham.com/assets/images/home/hire-dev-banner/android-banner-bg.jpg]
[www.bikham.com/assets/images/home/hire-dev-banner/odoo-banner-bg.jpg]
[www.bikham.com/assets/images/home/hire-dev-banner/ios-banner-bg.jpg]
[www.bikham.com/assets/images/home/hire-dev-banner/java-banner-bg.jpg]
[www.bikham.com/assets/images/home/hire-dev-banner/react-banner-bg.jpg]
[www.bikham.com/assets/images/home/hire-dev-banner/php-banner-bg.jpg]
[www.bikham.com/assets/images/home/hire-dev-banner/angular-banner-bg.jpg]
[www.bikham.com/assets/images/home/hire-dev-banner/grails-banner-bg.jpg]
[www.bikham.com/assets/images/home/h2-flip-bg-dark.jpg]
[www.bikham.com/assets/images/home/hire-dev-bg.png]
[www.bikham.com/assets/images/home/Main-home-page/btn-arrow.png]
[www.bikham.com/assets/images/home/dev-big-bg.png]
[www.bikham.com/assets/images/qk-connect-bg.jpg]
[www.bikham.com/assets/images/social-bg.png]
[www.bikham.com/assets/images/home/tab-bg.png]
[www.bikham.com/assets/images/home/black-bg-image.png]
[www.bikham.com/assets/images/home/web-development-banner.jpg]
[www.bikham.com/assets/images/home/mob-development-banner.jpg]
[www.bikham.com/assets/images/home/odoo-demo-banner.jpg]
[www.bikham.com/assets/images/home/Main-home-page/cost-calculator-bg.png]
[www.bikham.com/assets/images/home/Main-home-page/home-bannerBG.jpg]
[www.bikham.com/assets/images/home/Main-home-page/odoo-bg.png]
[www.bikham.com/assets/images/home/Main-home-page/mobile-bg.svg]
[www.bikham.com/assets/images/home/Main-home-page/web-bg.svg]
[www.bikham.com/assets/images/home/Main-home-page/provide-dev-bg.svg]
[www.bikham.com/assets/images/home/Main-home-page/mahine-ln-bg.svg]
[www.bikham.com/assets/images/home/Main-home-page/iot-bg.svg]
[www.bikham.com/assets/images/home/Main-home-page/world-map-grey.png]
[www.bikham.com/assets/images/qk-connect-bg.jpg]
[www.bikham.com/assets/images/home/odoo-erp-banner.jpg]
[www.bikham.com/assets/images/home/Main-home-page/odoo-bg-mob.svg]
[www.bikham.com/assets/assets/images/covid-19-left.jpg]
[www.bikham.com/assets/images/covid-19-left.jpg]
[www.bikham.com/assets/css/assets/images/close-form.7b.delayed]
[www.bikham.com/assets/css/assets/images/close.svg]
[www.bikham.com/assets/img/components/input/checkmark.svg]
[www.bikham.com/assets/images/about/hexagon-gray.png]
[www.bikham.com/assets/images/about/hexagon-orange.png]
[www.bikham.com/assets/images/abt-bg.jpg]
[www.bikham.com/assets/images/abt-bg1.jpg]
[www.bikham.com/assets/images/privacy-bg.jpg]
[www.bikham.com/assets/images/health-bann2-mb.jpg]
[www.bikham.com/assets/images/target.jpg]
[www.bikham.com/assets/images/back-tag.jpg]
[www.bikham.com/assets/images/healthcare-ban.png]
[www.bikham.com/assets/images/accounting-ban.png]
[www.bikham.com/assets/images/technology-ban.png]
[www.bikham.com/assets/images/contact.jpg]
[www.bikham.com/assets/images/testimonial-bg.jpg]
[www.bikham.com/assets/images/2003.jpg]
[www.bikham.com/assets/images/cpa.jpg]
[www.bikham.com/assets/images/financial.png]
[www.bikham.com/assets/images/business.jpg]
[www.bikham.com/assets/images/financial.jpg]
[www.bikham.com/assets/images/cpa-about-bg.jpg]
[www.bikham.com/assets/images/solution-bg.jpg]
[www.bikham.com/assets/images/outsourced-bookkeeping.jpg]
[www.bikham.com/assets/images/cpa-firms-bann.jpg]
[www.bikham.com/assets/images/individual-buss.jpg]
[www.bikham.com/assets/images/outsourced-tax-bg.jpg]
[www.bikham.com/assets/images/cfo-service-bg.jpg]
[www.bikham.com/assets/images/faq-bg.png]
[www.bikham.com/assets/images/background_3.jpg]
[www.bikham.com/assets/images/overaly.png]
[www.bikham.com/assets/images/bg-dark.jpg]
[www.bikham.com/assets/images/physician-grp.jpg]
[www.bikham.com/assets/images/cta001.jpg]
[www.bikham.com/assets/images/cta002.jpg]
[www.bikham.com/assets/images/background_4.jpg]
[www.bikham.com/assets/images/cta001-tech.jpg]
[www.bikham.com/assets/images/background_5.jpg]
[www.bikham.com/assets/images/parallax11.jpg]
[www.bikham.com/assets/images/bg-01.png]
[www.bikham.com/assets/images/advisory-frm.jpg]
[www.bikham.com/assets/images/main_banner3.jpg]
[www.bikham.com/assets/images/bg01.png]
[www.bikham.com/assets/images/fact-p.jpg]
[www.bikham.com/assets/images/bg_1.jpg]
[www.bikham.com/assets/images/laboratories.jpg]
[www.bikham.com/assets/images/1.mp4]
[www.bikham.com/assets/images/tech01.jpg]
[www.bikham.com/assets/images/hospitals.jpg]
[www.bikham.com/assets/images/sm-bg.jpg]
[www.bikham.com/assets/images/DNA.mp4]
[www.bikham.com/assets/images/physicians.jpg]
[www.bikham.com/assets/images/medical-eqip.jpg]
[www.bikham.com/assets/images/physician-banner.jpg]
[www.bikham.com/assets/images/backgrondpng.png]
[www.bikham.com/assets/images/bg-image-1.jpg]
[www.bikham.com/assets/images/bg-hero.jpg]
[www.bikham.com/assets/images/banner1.jpg]
[www.bikham.com/assets/images/2-11.jpg]
[www.bikham.com/assets/images/3-11.jpg]
[www.bikham.com/assets/images/tooltip.gif]
[www.bikham.com/assets/assets/images/about-quote.jpg]
[www.bikham.com/assets/images/privacy.jpg]
[www.bikham.com/assets/images/main_back.jpg]
[www.bikham.com/assets/assets/images/covid-19-left.jpg]
[www.bikham.com/assets/images/covid-bann.jpg]
[www.bikham.com/assets/images/cat.png]
[www.bikham.com/assets/images/admin.jpg]
[www.bikham.com/assets/css/default.css]
[bikham.com/assets/images/covid-19-left-mobile.jpg]
[www.bikham.com/assets/images/mobile-banner.jpg]
[www.bikham.com/assets/images/contact-mb.jpg]
[www.bikham.com/assets/images/banner1-mb.jpg]
[www.bikham.com/assets/css/responsive.css]
[js.hs-scripts.com/7306694.json]
[www.bikham.com/technology.html]
[www.bikham.com/assets/images/2005.jpg]
[www.bikham.com/assets/images/2006.jpg]
[www.bikham.com/assets/images/2013.jpg]
[www.bikham.com/assets/images/2019.jpg]
[bikham.com/assets/images/black-tw-logo.png]
[www.bikham.com/assets/images/USA.png]
[www.bikham.com/assets/images/uk.png]
[www.bikham.com/assets/images/Singapore.png]
[www.bikham.com/assets/images/india.png]
[www.bikham.com/info@bikham.com]
[www.bikham.com/assets/images/member01.png]
[www.bikham.com/assets/images/member03.png]
[www.bikham.com/assets/img/member04.png]
[www.bikham.com/privacypolicy.html]
[www.bikham.com/assets/js/animation_slide.js]
[www.bikham.com/assets/js/main-js-min.js]
[www.bikham.com/assets/js/jquery.instagramFeed.min.js]
[www.bikham.com/assets/js/owl.carousel.min.js]
[www.bikham.com/assets/js/swiper.min.js]
[www.bikham.com/assets/js/timeline.js]
[www.bikham.com/assets/js/main.js]
[www.bikham.com/assets/js/script.js]
[www.bikham.com/index.html]
[www.bikham.com/assets/images/map.png]
[www.bikham.com/assets/images/video-bg.jpg]
[www.bikham.com/assets/images/Some Weekend Fun AOL's iExcel iIntegrate.mp4]
[www.bikham.com/assets/images/Some Weekend Fun AOL's iExcel iIntegrate.ogg]
[www.bikham.com/assets/images/about-quote.jpg]
[www.bikham.com/assets/js/jquery-3.3.1.min.js]
[www.bikham.com/about-us.html]
[www.bikham.com/assets/js/theme.js]
[www.bikham.com/careers/ico/apple-touch-icon-144-precomposed.html]
[www.bikham.com/careers/ico/apple-touch-icon-114-precomposed.html]
[www.bikham.com/careers/ico/apple-touch-icon-72-precomposed.html]
[www.bikham.com/careers/ico/apple-touch-icon-57-precomposed.html]
[www.bikham.com/careers/css/font-awesome.min.css]
[www.bikham.com/careers/css/odometer.min.css]
[www.bikham.com/careers/css/fancybox.min.css]
[www.bikham.com/careers/css/swiper.min.css]
[www.bikham.com/careers/css/bootstrap.min.css]
[www.bikham.com/careers/css/style.css]
[www.bikham.com/careers/css/aos.css]
[www.bikham.com/careers/index-2.html]
[www.bikham.com/careers/images/logo.png]
[www.bikham.com/careers/images/main-banner.jpg]
[www.bikham.com/careers/images/Glassdoor-Logo.png]
[www.bikham.com/careers/images/slack-video.mp4]
[www.bikham.com/careers/images/slack-video.jpg]
[www.bikham.com/careers/images/epicbg.jpg]
[www.bikham.com/careers/images/feature-001.jpg]
[www.bikham.com/careers/images/4p.jpg]
[www.bikham.com/careers/images/5p.jpg]
[www.bikham.com/careers/images/6p.jpg]
[www.bikham.com/careers/images/7p.jpg]
[www.bikham.com/careers/images/8p.jpg]
[www.bikham.com/careers/images/9p.jpg]
[www.bikham.com/careers/images/image-2.png]
[www.bikham.com/careers/images/testimonial-video.mp4]
[www.bikham.com/careers/images/testi-video.jpg]
[www.bikham.com/careers/images/facebook.png]
[www.bikham.com/careers/images/twitter.png]
[www.bikham.com/careers/images/instagram.png]
[www.bikham.com/careers/images/LinkedIn.png]
[www.bikham.com/careers/images/gallery/g8.jpg]
[www.bikham.com/careers/images/gallery/thumb/g8.jpg]
[www.bikham.com/careers/images/gallery/g13.jpg]
[www.bikham.com/careers/images/gallery/thumb/g13.jpg]
[www.bikham.com/careers/images/gallery/g23.jpg]
[www.bikham.com/careers/images/gallery/thumb/g23.jpg]
[www.bikham.com/careers/images/gallery/g15.jpg]
[www.bikham.com/careers/images/gallery/thumb/g15.jpg]
[www.bikham.com/careers/images/gallery/g9.jpg]
[www.bikham.com/careers/images/gallery/thumb/g9.jpg]
[www.bikham.com/careers/images/gallery/g17.jpg]
[www.bikham.com/careers/images/gallery/thumb/g17.jpg]
[www.bikham.com/careers/images/gallery/g19.jpg]
[www.bikham.com/careers/images/gallery/thumb/g19.jpg]
[www.bikham.com/careers/images/gallery/g25.jpg]
[www.bikham.com/careers/images/gallery/thumb/g25.jpg]
[www.bikham.com/careers/images/gallery/g10.jpg]
[www.bikham.com/careers/images/gallery/thumb/g10.jpg]
[www.bikham.com/careers/images/gallery/g11.jpg]
[www.bikham.com/careers/images/gallery/thumb/g11.jpg]
[www.bikham.com/careers/images/gallery/g3.jpg]
[www.bikham.com/careers/images/gallery/thumb/g3.jpg]
[www.bikham.com/careers/images/gallery/g24.jpg]
[www.bikham.com/careers/images/gallery/thumb/g24.jpg]
[www.bikham.com/careers/images/gallery/g21.jpg]
[www.bikham.com/careers/images/gallery/thumb/g21.jpg]
[www.bikham.com/careers/images/gallery/g20.jpg]
[www.bikham.com/careers/images/gallery/thumb/g20.jpg]
[www.bikham.com/careers/images/gallery/g22.jpg]
[www.bikham.com/careers/images/gallery/thumb/g22.jpg]
[www.bikham.com/careers/images/gallery/pic2.jpg]
[www.bikham.com/careers/images/gallery/thumb/pic2.jpg]
[www.bikham.com/careers/images/gallery/g26.jpg]
[www.bikham.com/careers/images/gallery/thumb/g26.jpg]
[www.bikham.com/careers/images/gallery/pic3.jpg]
[www.bikham.com/careers/images/gallery/thumb/pic3.jpg]
[www.bikham.com/careers/images/gallery/pic9.jpg]
[www.bikham.com/careers/images/gallery/thumb/pic9.jpg]
[www.bikham.com/careers/images/map.png]
[www.bikham.com/careers/images/USA.png]
[www.bikham.com/careers/images/uk.png]
[www.bikham.com/careers/images/Singapore.png]
[www.bikham.com/careers/images/india.png]
[www.bikham.com/careers/info@bikham.com]
[www.bikham.com/careers/images/member01.png]
[www.bikham.com/careers/images/member03.png]
[www.bikham.com/careers/images/member04.png]
[www.bikham.com/careers/js/jquery.min.js]
[www.bikham.com/careers/js/bootstrap.min.js]
[www.bikham.com/careers/js/swiper.min.js]
[www.bikham.com/careers/js/tilt.jquery.js]
[www.bikham.com/careers/js/wow.min.js]
[www.bikham.com/careers/js/odometer.min.js]
[www.bikham.com/careers/js/jquery.typewriter.js]
[www.bikham.com/careers/js/fancybox.min.js]
[www.bikham.com/careers/js/scripts.js]
[www.bikham.com/careers/js/aos.js]
[www.bikham.com/careers/index.html]
[www.bikham.com/assets/css/owl.theme.default.min.css]
[www.bikham.com/assets/css/aos.css]
[www.bikham.com/assets/images/gallery/slide01.png]
[www.bikham.com/assets/images/gallery/slide03.jpg]
[www.bikham.com/assets/images/gallery/slide02.png]
[www.bikham.com/assets/images/gallery/ind-part-mn-01.jpg]
[www.bikham.com/assets/images/gallery/ind-part-mn-02.jpg]
[www.bikham.com/assets/images/gallery/ind-part-mn-03.jpg]
[www.bikham.com/assets/images/gallery/certificate-mb-01.png]
[www.bikham.com/assets/images/gallery/certificate-mb-02.png]
[www.bikham.com/assets/images/gallery/certificate-mb-03.png]
[www.bikham.com/assets/images/gallery/accreditate-mb-01.jpg]
[www.bikham.com/assets/images/gallery/accreditate-mb-02.jpg]
[www.bikham.com/assets/images/gallery/accreditate-mb-03.jpg]
[www.bikham.com/assets/images/gallery/accreditate-mb-04.jpg]
[www.bikham.com/info@bikham.com]
[www.bikham.com/assets/img/member04.png]
[www.bikham.com/assets/js/demo.js]
[www.bikham.com/assets/js/aos.js]
[www.bikham.com/contact-us1.html]
[www.bikham.com/assets/images/case-study.jpg]
[www.bikham.com/assets/images/about.jpg]
[www.bikham.com/assets/images/001.jpg]
[www.bikham.com/assets/images/002.jpg]
[www.bikham.com/assets/images/003.jpg]
[www.bikham.com/assets/images/004.jpg]
[www.bikham.com/info@bikham.com]
[www.bikham.com/assets/images/member04.png]
[www.bikham.com/cpa-firms.html]
[www.bikham.com/assets/images/extended-accounting.jpg]
[www.bikham.com/assets/images/cost-analysis.jpg]
[www.bikham.com/assets/images/reconciliations.jpg]
[www.bikham.com/assets/images/cfp.jpg]
[www.bikham.com/info@bikham.com]
[www.bikham.com/individual-businesses.html]
[www.bikham.com/info@bikham.com]
[www.bikham.com/financial-advisory-firm.html]
[www.bikham.com/assets/fonts/fontawesome-webfont3e6e.svg]
[www.bikham.com/assets/fonts/ProximaNova-Regular.svg]
[www.bikham.com/assets/fonts/Flaticon.svg]
[www.bikham.com/assets/images/sep.png]
[www.bikham.com/assets/images/tech-ico1.png]
[www.bikham.com/assets/images/tech-ico2.png]
[www.bikham.com/assets/images/tech-ico3.png]
[www.bikham.com/assets/images/tech01.mp4]
[www.bikham.com/assets/images/tech-1.jpg]
[www.bikham.com/assets/images/tech.jpg]
[www.bikham.com/info@bikham.com]
[www.bikham.com/technology.html]
[www.bikham.com/info@bikham.com]
[www.bikham.com/assets/img/member04.png]
[www.bikham.com/privacypolicy.html]
[www.bikham.com/careers/ico/apple-touch-icon-144-precomposed.html]
[www.bikham.com/careers/ico/apple-touch-icon-114-precomposed.html]
[www.bikham.com/careers/ico/apple-touch-icon-72-precomposed.html]
[www.bikham.com/careers/ico/apple-touch-icon-57-precomposed.html]
[www.bikham.com/careers/fonts/fontawesome-webfont3e6e3e6e.eot]
[www.bikham.com/careers/fonts/fontawesome-webfontd41dd41d.eot]
[www.bikham.com/careers/fonts/fontawesome-webfont3e6e3e6e.woff2]
[www.bikham.com/careers/fonts/fontawesome-webfont3e6e3e6e.woff]
[www.bikham.com/careers/fonts/fontawesome-webfont3e6e3e6e.ttf]
[www.bikham.com/careers/fonts/fontawesome-webfont3e6e3e6e.html]
[www.bikham.com/careers/css/font-awesome.min.css]
[www.bikham.com/careers/css/odometer.min.css]
[www.bikham.com/careers/css/fancybox.min.css]
[www.bikham.com/careers/css/swiper.min.css]
[www.bikham.com/careers/css/bootstrap.min.css]
[www.bikham.com/careers/images/preloader.gif]
[www.bikham.com/careers/images/1p.jpg]
[www.bikham.com/careers/images/2p.jpg]
[www.bikham.com/careers/images/3p.jpg]
[www.bikham.com/careers/images/slide01.jpg]
[www.bikham.com/careers/images/previous.png]
[www.bikham.com/careers/images/next.png]
[www.bikham.com/careers/images/bg-lines.html]
[www.bikham.com/careers/images/social-bg.jpg]
[www.bikham.com/careers/images/dark-grey.jpg]
[www.bikham.com/careers/images/arrow.svg]
[www.bikham.com/careers/images/bg-noise.html]
[www.bikham.com/careers/images/testimonial-background.jpg]
[www.bikham.com/careers/images/footer-bg.jpg]
[www.bikham.com/careers/images/upload_icon.png]
[www.bikham.com/careers/images/slide01mb.jpg]
[www.bikham.com/careers/css/style.css]
[www.bikham.com/careers/css/aos.css]
[www.bikham.com/assets/css/owl.theme.default.min.css]
[www.bikham.com/assets/css/aos.css]
[www.bikham.com/careers/fonts/fontawesome-webfont3e6e3e6e.html]
[www.bikham.com/careers/images/bg-lines.html]
[www.bikham.com/careers/images/arrow.svg]
[www.bikham.com/careers/images/bg-noise.html]
